main.c:173:6:PWM_Change_Tone	40	static
main.c:232:5:main	24	static
main.c:321:6:SystemClock_Config	128	static
main.c:374:13:MX_ADC4_Init	32	static
main.c:429:13:MX_I2C1_Init	8	static
main.c:475:13:MX_TIM1_Init	96	static
main.c:545:13:MX_TIM2_Init	40	static
main.c:590:13:MX_TIM3_Init	64	static
main.c:649:13:MX_TIM4_Init	40	static
main.c:694:13:MX_USART2_UART_Init	8	static
main.c:729:13:MX_USB_PCD_Init	8	static
main.c:760:13:MX_GPIO_Init	56	static
main.c:872:6:Error_Handler	4	static,ignoring_inline_asm
