stm32f3xx_it.c:135:6:startBoard	16	static
stm32f3xx_it.c:150:6:printBoard	16	static
stm32f3xx_it.c:196:6:printTurn	8	static
stm32f3xx_it.c:206:6:printLocation	8	static
stm32f3xx_it.c:245:6:resetChange	16	static
stm32f3xx_it.c:254:5:min	16	static
stm32f3xx_it.c:258:5:max	16	static
stm32f3xx_it.c:262:5:isValid	40	static
stm32f3xx_it.c:345:5:canPlay	48	static
stm32f3xx_it.c:376:6:sandwich	48	static
stm32f3xx_it.c:493:6:resetLED	8	static
stm32f3xx_it.c:505:5:getScore	32	static
stm32f3xx_it.c:521:5:getWinner	4	static
stm32f3xx_it.c:531:6:printScore	8	static
stm32f3xx_it.c:538:5:getY	16	static
stm32f3xx_it.c:568:5:getTurn	16	static
stm32f3xx_it.c:576:6:number2BCD	32	static
stm32f3xx_it.c:593:6:sendBoard	24	static
stm32f3xx_it.c:638:6:NMI_Handler	4	static
stm32f3xx_it.c:653:6:HardFault_Handler	4	static
stm32f3xx_it.c:668:6:MemManage_Handler	4	static
stm32f3xx_it.c:683:6:BusFault_Handler	4	static
stm32f3xx_it.c:698:6:UsageFault_Handler	4	static
stm32f3xx_it.c:713:6:SVC_Handler	4	static
stm32f3xx_it.c:726:6:DebugMon_Handler	4	static
stm32f3xx_it.c:739:6:PendSV_Handler	4	static
stm32f3xx_it.c:752:6:SysTick_Handler	8	static
stm32f3xx_it.c:834:6:EXTI0_IRQHandler	8	static
stm32f3xx_it.c:866:6:EXTI1_IRQHandler	8	static
stm32f3xx_it.c:906:6:EXTI2_TSC_IRQHandler	16	static
stm32f3xx_it.c:959:6:EXTI3_IRQHandler	8	static
stm32f3xx_it.c:998:6:TIM2_IRQHandler	72	static
stm32f3xx_it.c:1301:6:TIM4_IRQHandler	8	static
stm32f3xx_it.c:1355:6:USART2_IRQHandler	16	static
stm32f3xx_it.c:1458:6:EXTI15_10_IRQHandler	8	static
stm32f3xx_it.c:1557:6:ADC4_IRQHandler	8	static
